GAMS 25.1.2  r67455 Released Aug  1, 2018 WEX-WEI x86 64bit/MS Windows - 12/03/22 14:39:57 Page 1
Pump scheduling smallest
C o m p i l a t i o n


      version: 2.0
      author of this version: sofdem@gmail.com
      characteristics: 9-period model for free GAMS version
   7   
   8  *$offlisting
   9  * stops the echo print of the input file
  10  *$offsymxref
  11  * stops the print of a complete cros-reference list of symbols
  12  *option limcol = 0;
  13  * stops the print of the column listing
  14  *option limrow = 0;
  15  * stops the print of the equation listing
  16  *option solprint = off;
  17  * stop report solution
  18   
  19  Sets
  20       n          nodes      / s, j1, j2, r1, r2, r3, r4 /
  21       j(n)       junctions  / j1, j2 /
  22       r(n)       reservoirs / r1, r2, r3, r4 /
  23       l(n,n)     pipes      / s.j1, j1.j2, j1.r1, j1.r4, j2.r2, j2.r3 /
  24       t          1-hour periods / t1*t9 /
  25       night(t)   night periods  / t1*t4 /
  26       c          pump class   / small /
  27       d          pump number  / p1*p3 /
  28       k(c,d)     pump type    / small.p1*p3 /
  29       degree     polynomial degrees / 0*2 /
  30   
  31   
  32       alias (n,np)
  33       alias (k,kp)
  34       alias (d,dp)
  35       alias (t, tp);
  36   
  37  Scalar
  38       height0      reference height at the source (m)      / 0 /
  39       tariffnight  electricity hourly tariff at night (euro.kWh^-1)  / 0.02916 /
  40       tariffday    electricity hourly tariff at day (euro.kWh^-1)    / 0.04609 /
  41   
  42  Parameter tariff(t)   electricity tariff;
  43      tariff(t)        = tariffday;
  44      tariff(night(t)) = tariffnight;
  45   
  46  Parameters
  47      height(n)   elevation at each node relative to s (m)
  48                  / s 0, j1 30, j2 30, r1 50, r2 50, r3 45, r4 35 /
  49   
  50      surface(r)  mean surface of each reservoir (m^2)
  51                  / r1 80, r2 80, r3 80, r4 80 /
  52   
  53      vmin(r)     minimal volume of each reservoir (m^3)
  54                  / r1 100, r2 100, r3 100, r4 100 /
  55   
  56      vmax(r)     maximal volume of each reservoir (m^3)
  57                  / r1 300, r2 300, r3 300, r4 300 /
  58   
  59  Parameter vinit(r) initial volume of each reservoir;
  60      vinit(r) = vmin(r);
  61   
  62  * a polynomial is represented as the list of coefficients for each term degree
  63  Table psi(c,degree) quadratic fit of the service pressure (m) on the flow (m^3.h^-1) for each class of pumps
  64                    0              1            2
  65        small       63.0796        0            -0.0064085;
  66   
  67  Table gamma(c,degree) linear fit of the electrical power (kW) on the flow (m^3.h^-1) for each class of pumps
  68                    0              1
  69        small       3.81101     0.09627;
  70   
  71  Table demand(r,t) demand in water at each reservoir each hour (m^3)
  72       t1     t2    t3    t4     t5     t6    t7      t8      t9
  73  r1   9.83   5.0   3.67  6.5    5.67   7.5   3.0     3.0     2.0
  74  r2   44.83  18.0  0.0   0.0    0.0    0.0   0.0     45.0    51.67
  75  r3   14.0   13.33 25.5  11.0   10.0   10.0  11.0    10.33   30.17
  76  r4   1.0    1.0   8.5   9.5    4.0    2.33  0.0     1.0     0.83
  77   
  78  Table phi(n,n,degree) quadratic fit of the pressure loss (m) on the flow (m^3.h^-1) for each pipe
  79                  2               1
  80       s.j1       0.00005425      0.00038190
  81       j1.j2      0.00027996      0.00149576
  82       j1.r1      0.00089535      0.00340436
  83       j1.r4      0.00044768      0.00170218
  84       j2.r2      0.00223839      0.00851091
  85       j2.r3      0.00134303      0.00510655;
  86   
  87  Positive Variable
  88      qkt(c,d,t) Débit d_eau pompé par la pompe k à la période t
  89      qrt(r,t) Débit entrant dans chaque réservoir r à la période t
  90      qlt(n,n,t)  débit en pipe l au temps t
  91      vrt(r,t) Volume d_eau dans les réservoirs r à la période t
  92      pkt(c,d,t) Puissance de la pompe k à la période t;
  93   
  94  Binary Variable
  95      xkt(c,d,t) Pompe k allumé à la période t, sinon 0 ;
  96   
  97  free variable
  98      z Coût total ;
  99   
 100   
 101   
 102  Equations
 103      cost    definition de la fonction objective
 104      flow(t)   conservation du flow à chaque temps t
 105      volumes_min(r,t)   volumes min à chaque temps t et pour chaque réservoir r
 106      volumes_max(r,t)  volumes max à chaque temps t et pour chaque réservoir r
 107      volume_init(r)  volumes init pour chaque réservoir r
 108      debits_min (c,d,t)   débits min pour chaque temps t et pour chaque pompe k (ssi la pompe k est allumée)
 109      debits_max (c,d,t)   débits max pour chaque temps t et pour chaque pompe k (ssi la pompe k est allumée)
 110      puissances(c,d,t)   puissances de chaque pompe à chaque temps t et pour chaque pompe k
 111      demandes(r,t)   demandes pour chaque temps t et pour chaque réservoir r (aussi conservation du flow dans chaque tank);
 112   
 113   
 114  cost ..        z  =e=  sum((k,t),pkt(k,t) * tariff(t)) ;
 115  flow(t) ..     sum((k), qkt(k,t))  =e=  sum((r), qrt(r,t)) ;
 116  volumes_min(r,t) .. vmin(r)  =l=  vrt(r,t)  ;
 117  volumes_max(r,t) .. vrt(r,t)  =l=  vmax(r);
 118  volume_init(r) .. vrt(r,'t1') =e=  vinit(r);
 119  debits_min(k(c,d),t) .. xkt(k,t)*0  =l=  qkt(k,t)   ;
 120  debits_max(k(c,d),t) .. qkt(k,t)  =l=  xkt(k,t) * 99.21 ;
 121  puissances(k(c,d),t) .. pkt(k,t) =e= gamma(c,'0')*xkt(k,t) + gamma(c,'1')*qkt(k,t) ;
 122  demandes(r,t) $(ord(t) gt 1) .. vrt(r,t-1) + qrt(r,t) =e= vrt(r,t) + demand(r,t-1) ;
 123   
 124  Model Planification /all/;
 125   
 126  Solve Planification using mip minimizing z ;

**** LIST OF STRAY NAMES - CHECK DECLARATIONS FOR SPURIOUS COMMAS
**** STRAY NAME sinon OF TYPE VAR  


COMPILATION TIME     =        0.000 SECONDS      3 MB  25.1.2 r67455 WEX-WEI
GAMS 25.1.2  r67455 Released Aug  1, 2018 WEX-WEI x86 64bit/MS Windows - 12/03/22 14:39:57 Page 2
Pump scheduling smallest
Equation Listing    SOLVE Planification Using MIP From line 126


---- cost  =E=  definition de la fonction objective

cost..  - 0.02916*pkt(small,p1,t1) - 0.02916*pkt(small,p1,t2) - 0.02916*pkt(small,p1,t3) - 0.02916*pkt(small,p1,t4) - 0.04609*pkt(small,p1,t5) - 0.04609*pkt(small,p1,t6) - 0.04609*pkt(small,p1,t7) - 0.04609*pkt(small,p1,t8) - 0.04609*pkt(small,p1,t9)
     
      - 0.02916*pkt(small,p2,t1) - 0.02916*pkt(small,p2,t2) - 0.02916*pkt(small,p2,t3) - 0.02916*pkt(small,p2,t4) - 0.04609*pkt(small,p2,t5) - 0.04609*pkt(small,p2,t6) - 0.04609*pkt(small,p2,t7) - 0.04609*pkt(small,p2,t8) - 0.04609*pkt(small,p2,t9)
     
      - 0.02916*pkt(small,p3,t1) - 0.02916*pkt(small,p3,t2) - 0.02916*pkt(small,p3,t3) - 0.02916*pkt(small,p3,t4) - 0.04609*pkt(small,p3,t5) - 0.04609*pkt(small,p3,t6) - 0.04609*pkt(small,p3,t7) - 0.04609*pkt(small,p3,t8) - 0.04609*pkt(small,p3,t9) + z
      =E= 0 ; (LHS = 0)
     

---- flow  =E=  conservation du flow à chaque temps t

flow(t1)..  qkt(small,p1,t1) + qkt(small,p2,t1) + qkt(small,p3,t1) - qrt(r1,t1) - qrt(r2,t1) - qrt(r3,t1) - qrt(r4,t1) =E= 0 ; (LHS = 0)
     
flow(t2)..  qkt(small,p1,t2) + qkt(small,p2,t2) + qkt(small,p3,t2) - qrt(r1,t2) - qrt(r2,t2) - qrt(r3,t2) - qrt(r4,t2) =E= 0 ; (LHS = 0)
     
flow(t3)..  qkt(small,p1,t3) + qkt(small,p2,t3) + qkt(small,p3,t3) - qrt(r1,t3) - qrt(r2,t3) - qrt(r3,t3) - qrt(r4,t3) =E= 0 ; (LHS = 0)
     
REMAINING 6 ENTRIES SKIPPED


---- volumes_min  =L=  volumes min à chaque temps t et pour chaque réservoir r

volumes_min(r1,t1)..  - vrt(r1,t1) =L= -100 ; (LHS = 0, INFES = 100 ****)
     
volumes_min(r1,t2)..  - vrt(r1,t2) =L= -100 ; (LHS = 0, INFES = 100 ****)
     
volumes_min(r1,t3)..  - vrt(r1,t3) =L= -100 ; (LHS = 0, INFES = 100 ****)
     
REMAINING 33 ENTRIES SKIPPED


---- volumes_max  =L=  volumes max à chaque temps t et pour chaque réservoir r

volumes_max(r1,t1)..  vrt(r1,t1) =L= 300 ; (LHS = 0)
     
volumes_max(r1,t2)..  vrt(r1,t2) =L= 300 ; (LHS = 0)
     
volumes_max(r1,t3)..  vrt(r1,t3) =L= 300 ; (LHS = 0)
     
REMAINING 33 ENTRIES SKIPPED


---- volume_init  =E=  volumes init pour chaque réservoir r

volume_init(r1)..  vrt(r1,t1) =E= 100 ; (LHS = 0, INFES = 100 ****)
     
volume_init(r2)..  vrt(r2,t1) =E= 100 ; (LHS = 0, INFES = 100 ****)
     
volume_init(r3)..  vrt(r3,t1) =E= 100 ; (LHS = 0, INFES = 100 ****)
     
REMAINING ENTRY SKIPPED


---- debits_min  =L=  débits min pour chaque temps t et pour chaque pompe k (ssi la pompe k est allumée)

debits_min(small,p1,t1)..  - qkt(small,p1,t1) =L= 0 ; (LHS = 0)
     
debits_min(small,p1,t2)..  - qkt(small,p1,t2) =L= 0 ; (LHS = 0)
     
debits_min(small,p1,t3)..  - qkt(small,p1,t3) =L= 0 ; (LHS = 0)
     
REMAINING 24 ENTRIES SKIPPED


---- debits_max  =L=  débits max pour chaque temps t et pour chaque pompe k (ssi la pompe k est allumée)

debits_max(small,p1,t1)..  qkt(small,p1,t1) - 99.21*xkt(small,p1,t1) =L= 0 ; (LHS = 0)
     
debits_max(small,p1,t2)..  qkt(small,p1,t2) - 99.21*xkt(small,p1,t2) =L= 0 ; (LHS = 0)
     
debits_max(small,p1,t3)..  qkt(small,p1,t3) - 99.21*xkt(small,p1,t3) =L= 0 ; (LHS = 0)
     
REMAINING 24 ENTRIES SKIPPED


---- puissances  =E=  puissances de chaque pompe à chaque temps t et pour chaque pompe k

puissances(small,p1,t1)..  - 0.09627*qkt(small,p1,t1) + pkt(small,p1,t1) - 3.81101*xkt(small,p1,t1) =E= 0 ; (LHS = 0)
     
puissances(small,p1,t2)..  - 0.09627*qkt(small,p1,t2) + pkt(small,p1,t2) - 3.81101*xkt(small,p1,t2) =E= 0 ; (LHS = 0)
     
puissances(small,p1,t3)..  - 0.09627*qkt(small,p1,t3) + pkt(small,p1,t3) - 3.81101*xkt(small,p1,t3) =E= 0 ; (LHS = 0)
     
REMAINING 24 ENTRIES SKIPPED


---- demandes  =E=  demandes pour chaque temps t et pour chaque réservoir r (aussi conservation du flow dans chaque tank)

demandes(r1,t2)..  qrt(r1,t2) + vrt(r1,t1) - vrt(r1,t2) =E= 9.83 ; (LHS = 0, INFES = 9.83 ****)
     
demandes(r1,t3)..  qrt(r1,t3) + vrt(r1,t2) - vrt(r1,t3) =E= 5 ; (LHS = 0, INFES = 5 ****)
     
demandes(r1,t4)..  qrt(r1,t4) + vrt(r1,t3) - vrt(r1,t4) =E= 3.67 ; (LHS = 0, INFES = 3.67 ****)
     
REMAINING 29 ENTRIES SKIPPED

GAMS 25.1.2  r67455 Released Aug  1, 2018 WEX-WEI x86 64bit/MS Windows - 12/03/22 14:39:57 Page 3
Pump scheduling smallest
Column Listing      SOLVE Planification Using MIP From line 126


---- qkt  Débit d_eau pompé par la pompe k à la période t

qkt(small,p1,t1)
                (.LO, .L, .UP, .M = 0, 0, +INF, 0)
        1       flow(t1)
       -1       debits_min(small,p1,t1)
        1       debits_max(small,p1,t1)
       -0.0963  puissances(small,p1,t1)

qkt(small,p1,t2)
                (.LO, .L, .UP, .M = 0, 0, +INF, 0)
        1       flow(t2)
       -1       debits_min(small,p1,t2)
        1       debits_max(small,p1,t2)
       -0.0963  puissances(small,p1,t2)

qkt(small,p1,t3)
                (.LO, .L, .UP, .M = 0, 0, +INF, 0)
        1       flow(t3)
       -1       debits_min(small,p1,t3)
        1       debits_max(small,p1,t3)
       -0.0963  puissances(small,p1,t3)

REMAINING 24 ENTRIES SKIPPED

---- qrt  Débit entrant dans chaque réservoir r à la période t

qrt(r1,t1)
                (.LO, .L, .UP, .M = 0, 0, +INF, 0)
       -1       flow(t1)

qrt(r1,t2)
                (.LO, .L, .UP, .M = 0, 0, +INF, 0)
       -1       flow(t2)
        1       demandes(r1,t2)

qrt(r1,t3)
                (.LO, .L, .UP, .M = 0, 0, +INF, 0)
       -1       flow(t3)
        1       demandes(r1,t3)

REMAINING 33 ENTRIES SKIPPED

---- vrt  Volume d_eau dans les réservoirs r à la période t

vrt(r1,t1)
                (.LO, .L, .UP, .M = 0, 0, +INF, 0)
       -1       volumes_min(r1,t1)
        1       volumes_max(r1,t1)
        1       volume_init(r1)
        1       demandes(r1,t2)

vrt(r1,t2)
                (.LO, .L, .UP, .M = 0, 0, +INF, 0)
       -1       volumes_min(r1,t2)
        1       volumes_max(r1,t2)
       -1       demandes(r1,t2)
        1       demandes(r1,t3)

vrt(r1,t3)
                (.LO, .L, .UP, .M = 0, 0, +INF, 0)
       -1       volumes_min(r1,t3)
        1       volumes_max(r1,t3)
       -1       demandes(r1,t3)
        1       demandes(r1,t4)

REMAINING 33 ENTRIES SKIPPED

---- pkt  Puissance de la pompe k à la période t

pkt(small,p1,t1)
                (.LO, .L, .UP, .M = 0, 0, +INF, 0)
       -0.0292  cost
        1       puissances(small,p1,t1)

pkt(small,p1,t2)
                (.LO, .L, .UP, .M = 0, 0, +INF, 0)
       -0.0292  cost
        1       puissances(small,p1,t2)

pkt(small,p1,t3)
                (.LO, .L, .UP, .M = 0, 0, +INF, 0)
       -0.0292  cost
        1       puissances(small,p1,t3)

REMAINING 24 ENTRIES SKIPPED

---- xkt  Pompe k allumé à la période t

xkt(small,p1,t1)
                (.LO, .L, .UP, .M = 0, 0, 1, 0)
      -99.21    debits_max(small,p1,t1)
       -3.811   puissances(small,p1,t1)

xkt(small,p1,t2)
                (.LO, .L, .UP, .M = 0, 0, 1, 0)
      -99.21    debits_max(small,p1,t2)
       -3.811   puissances(small,p1,t2)

xkt(small,p1,t3)
                (.LO, .L, .UP, .M = 0, 0, 1, 0)
      -99.21    debits_max(small,p1,t3)
       -3.811   puissances(small,p1,t3)

REMAINING 24 ENTRIES SKIPPED

---- z  Coût total

z
                (.LO, .L, .UP, .M = -INF, 0, +INF, 0)
        1       cost

GAMS 25.1.2  r67455 Released Aug  1, 2018 WEX-WEI x86 64bit/MS Windows - 12/03/22 14:39:57 Page 4
Pump scheduling smallest
Model Statistics    SOLVE Planification Using MIP From line 126


MODEL STATISTICS

BLOCKS OF EQUATIONS           9     SINGLE EQUATIONS          199
BLOCKS OF VARIABLES           6     SINGLE VARIABLES          154
NON ZERO ELEMENTS           425     DISCRETE VARIABLES         27


GENERATION TIME      =        0.031 SECONDS      4 MB  25.1.2 r67455 WEX-WEI


EXECUTION TIME       =        0.031 SECONDS      4 MB  25.1.2 r67455 WEX-WEI
GAMS 25.1.2  r67455 Released Aug  1, 2018 WEX-WEI x86 64bit/MS Windows - 12/03/22 14:39:57 Page 5
Pump scheduling smallest
Solution Report     SOLVE Planification Using MIP From line 126


               S O L V E      S U M M A R Y

     MODEL   Planification       OBJECTIVE  z
     TYPE    MIP                 DIRECTION  MINIMIZE
     SOLVER  CPLEX               FROM LINE  126

**** SOLVER STATUS     1 Normal Completion         
**** MODEL STATUS      8 Integer Solution          
**** OBJECTIVE VALUE                1.1320

 RESOURCE USAGE, LIMIT          0.000      1000.000
 ITERATION COUNT, LIMIT        24    2000000000

IBM ILOG CPLEX   25.1.2 r67455 Released Aug  1, 2018 WEI x86 64bit/MS Windows 
Cplex 12.8.0.0

Space for names approximately 0.01 Mb
Use option 'names no' to turn use of names off
MIP status(102): integer optimal, tolerance
Cplex Time: 0.00sec (det. 1.03 ticks)
Fixing integer variables, and solving final LP...
Fixed MIP status(1): optimal
Cplex Time: 0.00sec (det. 0.17 ticks)
Solution satisfies tolerances.

MIP Solution:            1.132017    (21 iterations, 0 nodes)
Final Solve:             1.132017    (3 iterations)

Best possible:           1.117298
Absolute gap:            0.014719
Relative gap:            0.013002


                           LOWER          LEVEL          UPPER         MARGINAL

---- EQU cost                .              .              .             1.0000      

  cost  definition de la fonction objective

---- EQU flow  conservation du flow à chaque temps t

          LOWER          LEVEL          UPPER         MARGINAL

t1          .              .              .             EPS         
t2          .              .              .             0.0028      
t3          .              .              .             0.0028      
t4          .              .              .             0.0028      
t5          .              .              .             0.0028      
t6          .              .              .             0.0028      
t7          .              .              .             0.0028      
t8          .              .              .             0.0028      
t9          .              .              .             0.0028      

---- EQU volumes_min  volumes min à chaque temps t et pour chaque réservoir r

             LOWER          LEVEL          UPPER         MARGINAL

r1.t1        -INF         -100.0000      -100.0000          .          
r1.t2        -INF         -105.0000      -100.0000          .          
r1.t3        -INF         -100.0000      -100.0000         EPS         
r1.t4        -INF         -125.6700      -100.0000          .          
r1.t5        -INF         -119.1700      -100.0000          .          
r1.t6        -INF         -113.5000      -100.0000          .          
r1.t7        -INF         -106.0000      -100.0000          .          
r1.t8        -INF         -103.0000      -100.0000          .          
r1.t9        -INF         -100.0000      -100.0000        -0.0028      
r2.t1        -INF         -100.0000      -100.0000          .          
r2.t2        -INF         -163.0000      -100.0000          .          
r2.t3        -INF         -145.0000      -100.0000          .          
r2.t4        -INF         -145.0000      -100.0000          .          
r2.t5        -INF         -145.0000      -100.0000          .          
r2.t6        -INF         -145.0000      -100.0000          .          
r2.t7        -INF         -145.0000      -100.0000          .          
r2.t8        -INF         -145.0000      -100.0000          .          
r2.t9        -INF         -100.0000      -100.0000        -0.0028      
r3.t1        -INF         -100.0000      -100.0000          .          
r3.t2        -INF         -121.2900      -100.0000          .          
r3.t3        -INF         -107.9600      -100.0000          .          
r3.t4        -INF         -152.3300      -100.0000          .          
r3.t5        -INF         -141.3300      -100.0000          .          
r3.t6        -INF         -131.3300      -100.0000          .          
r3.t7        -INF         -121.3300      -100.0000          .          
r3.t8        -INF         -110.3300      -100.0000          .          
r3.t9        -INF         -100.0000      -100.0000        -0.0028      
r4.t1        -INF         -100.0000      -100.0000          .          
r4.t2        -INF         -126.3300      -100.0000          .          
r4.t3        -INF         -125.3300      -100.0000          .          
r4.t4        -INF         -116.8300      -100.0000          .          
r4.t5        -INF         -107.3300      -100.0000          .          
r4.t6        -INF         -103.3300      -100.0000          .          
r4.t7        -INF         -101.0000      -100.0000          .          
r4.t8        -INF         -101.0000      -100.0000          .          
r4.t9        -INF         -100.0000      -100.0000        -0.0028      

---- EQU volumes_max  volumes max à chaque temps t et pour chaque réservoir r

             LOWER          LEVEL          UPPER         MARGINAL

r1.t1        -INF          100.0000       300.0000          .          
r1.t2        -INF          105.0000       300.0000          .          
r1.t3        -INF          100.0000       300.0000          .          
r1.t4        -INF          125.6700       300.0000          .          
r1.t5        -INF          119.1700       300.0000          .          
r1.t6        -INF          113.5000       300.0000          .          
r1.t7        -INF          106.0000       300.0000          .          
r1.t8        -INF          103.0000       300.0000          .          
r1.t9        -INF          100.0000       300.0000          .          
r2.t1        -INF          100.0000       300.0000          .          
r2.t2        -INF          163.0000       300.0000          .          
r2.t3        -INF          145.0000       300.0000          .          
r2.t4        -INF          145.0000       300.0000          .          
r2.t5        -INF          145.0000       300.0000          .          
r2.t6        -INF          145.0000       300.0000          .          
r2.t7        -INF          145.0000       300.0000          .          
r2.t8        -INF          145.0000       300.0000          .          
r2.t9        -INF          100.0000       300.0000          .          
r3.t1        -INF          100.0000       300.0000          .          
r3.t2        -INF          121.2900       300.0000          .          
r3.t3        -INF          107.9600       300.0000          .          
r3.t4        -INF          152.3300       300.0000          .          
r3.t5        -INF          141.3300       300.0000          .          
r3.t6        -INF          131.3300       300.0000          .          
r3.t7        -INF          121.3300       300.0000          .          
r3.t8        -INF          110.3300       300.0000          .          
r3.t9        -INF          100.0000       300.0000          .          
r4.t1        -INF          100.0000       300.0000          .          
r4.t2        -INF          126.3300       300.0000          .          
r4.t3        -INF          125.3300       300.0000          .          
r4.t4        -INF          116.8300       300.0000          .          
r4.t5        -INF          107.3300       300.0000          .          
r4.t6        -INF          103.3300       300.0000          .          
r4.t7        -INF          101.0000       300.0000          .          
r4.t8        -INF          101.0000       300.0000          .          
r4.t9        -INF          100.0000       300.0000          .          

---- EQU volume_init  volumes init pour chaque réservoir r

          LOWER          LEVEL          UPPER         MARGINAL

r1       100.0000       100.0000       100.0000        -0.0028      
r2       100.0000       100.0000       100.0000        -0.0028      
r3       100.0000       100.0000       100.0000        -0.0028      
r4       100.0000       100.0000       100.0000        -0.0028      

---- EQU debits_min  débits min pour chaque temps t et pour chaque pompe k (ssi la pompe k est allumée)

                   LOWER          LEVEL          UPPER         MARGINAL

small.p1.t1        -INF             .              .              .          
small.p1.t2        -INF          -99.2100          .              .          
small.p1.t3        -INF             .              .              .          
small.p1.t4        -INF             .              .              .          
small.p1.t5        -INF             .              .              .          
small.p1.t6        -INF             .              .              .          
small.p1.t7        -INF             .              .              .          
small.p1.t8        -INF             .              .              .          
small.p1.t9        -INF             .              .              .          
small.p2.t1        -INF             .              .              .          
small.p2.t2        -INF          -86.0700          .              .          
small.p2.t3        -INF             .              .              .          
small.p2.t4        -INF             .              .              .          
small.p2.t5        -INF             .              .              .          
small.p2.t6        -INF             .              .              .          
small.p2.t7        -INF             .              .              .          
small.p2.t8        -INF             .              .              .          
small.p2.t9        -INF             .              .              .          
small.p3.t1        -INF             .              .              .          
small.p3.t2        -INF             .              .              .          
small.p3.t3        -INF             .              .              .          
small.p3.t4        -INF          -99.2100          .              .          
small.p3.t5        -INF             .              .              .          
small.p3.t6        -INF             .              .              .          
small.p3.t7        -INF             .              .              .          
small.p3.t8        -INF             .              .              .          
small.p3.t9        -INF             .              .              .          

---- EQU debits_max  débits max pour chaque temps t et pour chaque pompe k (ssi la pompe k est allumée)

                   LOWER          LEVEL          UPPER         MARGINAL

small.p1.t1        -INF             .              .              .          
small.p1.t2        -INF             .              .             EPS         
small.p1.t3        -INF             .              .            -0.0028      
small.p1.t4        -INF             .              .            -0.0028      
small.p1.t5        -INF             .              .            -0.0028      
small.p1.t6        -INF             .              .            -0.0028      
small.p1.t7        -INF             .              .            -0.0028      
small.p1.t8        -INF             .              .            -0.0028      
small.p1.t9        -INF             .              .            -0.0028      
small.p2.t1        -INF             .              .              .          
small.p2.t2        -INF          -13.1400          .              .          
small.p2.t3        -INF             .              .            -0.0028      
small.p2.t4        -INF             .              .            -0.0028      
small.p2.t5        -INF             .              .            -0.0028      
small.p2.t6        -INF             .              .            -0.0028      
small.p2.t7        -INF             .              .            -0.0028      
small.p2.t8        -INF             .              .            -0.0028      
small.p2.t9        -INF             .              .            -0.0028      
small.p3.t1        -INF             .              .              .          
small.p3.t2        -INF             .              .            -0.0028      
small.p3.t3        -INF             .              .            -0.0028      
small.p3.t4        -INF             .              .             EPS         
small.p3.t5        -INF             .              .            -0.0028      
small.p3.t6        -INF             .              .            -0.0028      
small.p3.t7        -INF             .              .            -0.0028      
small.p3.t8        -INF             .              .            -0.0028      
small.p3.t9        -INF             .              .            -0.0028      

---- EQU puissances  puissances de chaque pompe à chaque temps t et pour chaque pompe k

                   LOWER          LEVEL          UPPER         MARGINAL

small.p1.t1          .              .              .              .          
small.p1.t2          .              .              .             0.0292      
small.p1.t3          .              .              .              .          
small.p1.t4          .              .              .              .          
small.p1.t5          .              .              .              .          
small.p1.t6          .              .              .              .          
small.p1.t7          .              .              .              .          
small.p1.t8          .              .              .              .          
small.p1.t9          .              .              .              .          
small.p2.t1          .              .              .              .          
small.p2.t2          .              .              .             0.0292      
small.p2.t3          .              .              .              .          
small.p2.t4          .              .              .              .          
small.p2.t5          .              .              .              .          
small.p2.t6          .              .              .              .          
small.p2.t7          .              .              .              .          
small.p2.t8          .              .              .              .          
small.p2.t9          .              .              .              .          
small.p3.t1          .              .              .              .          
small.p3.t2          .              .              .              .          
small.p3.t3          .              .              .              .          
small.p3.t4          .              .              .             0.0292      
small.p3.t5          .              .              .              .          
small.p3.t6          .              .              .              .          
small.p3.t7          .              .              .              .          
small.p3.t8          .              .              .              .          
small.p3.t9          .              .              .              .          

---- EQU demandes  demandes pour chaque temps t et pour chaque réservoir r (aussi conservation du flow dans chaque tank)

             LOWER          LEVEL          UPPER         MARGINAL

r1.t2         9.8300         9.8300         9.8300         0.0028      
r1.t3         5.0000         5.0000         5.0000         0.0028      
r1.t4         3.6700         3.6700         3.6700         0.0028      
r1.t5         6.5000         6.5000         6.5000         0.0028      
r1.t6         5.6700         5.6700         5.6700         0.0028      
r1.t7         7.5000         7.5000         7.5000         0.0028      
r1.t8         3.0000         3.0000         3.0000         0.0028      
r1.t9         3.0000         3.0000         3.0000         0.0028      
r2.t2        44.8300        44.8300        44.8300         0.0028      
r2.t3        18.0000        18.0000        18.0000         0.0028      
r2.t4          .              .              .             0.0028      
r2.t5          .              .              .             0.0028      
r2.t6          .              .              .             0.0028      
r2.t7          .              .              .             0.0028      
r2.t8          .              .              .             0.0028      
r2.t9        45.0000        45.0000        45.0000         0.0028      
r3.t2        14.0000        14.0000        14.0000         0.0028      
r3.t3        13.3300        13.3300        13.3300         0.0028      
r3.t4        25.5000        25.5000        25.5000         0.0028      
r3.t5        11.0000        11.0000        11.0000         0.0028      
r3.t6        10.0000        10.0000        10.0000         0.0028      
r3.t7        10.0000        10.0000        10.0000         0.0028      
r3.t8        11.0000        11.0000        11.0000         0.0028      
r3.t9        10.3300        10.3300        10.3300         0.0028      
r4.t2         1.0000         1.0000         1.0000         0.0028      
r4.t3         1.0000         1.0000         1.0000         0.0028      
r4.t4         8.5000         8.5000         8.5000         0.0028      
r4.t5         9.5000         9.5000         9.5000         0.0028      
r4.t6         4.0000         4.0000         4.0000         0.0028      
r4.t7         2.3300         2.3300         2.3300         0.0028      
r4.t8          .              .              .             0.0028      
r4.t9         1.0000         1.0000         1.0000         0.0028      

---- VAR qkt  Débit d_eau pompé par la pompe k à la période t

                   LOWER          LEVEL          UPPER         MARGINAL

small.p1.t1          .              .            +INF            EPS         
small.p1.t2          .            99.2100        +INF             .          
small.p1.t3          .              .            +INF             .          
small.p1.t4          .              .            +INF             .          
small.p1.t5          .              .            +INF             .          
small.p1.t6          .              .            +INF             .          
small.p1.t7          .              .            +INF             .          
small.p1.t8          .              .            +INF             .          
small.p1.t9          .              .            +INF             .          
small.p2.t1          .              .            +INF            EPS         
small.p2.t2          .            86.0700        +INF             .          
small.p2.t3          .              .            +INF             .          
small.p2.t4          .              .            +INF             .          
small.p2.t5          .              .            +INF             .          
small.p2.t6          .              .            +INF             .          
small.p2.t7          .              .            +INF             .          
small.p2.t8          .              .            +INF             .          
small.p2.t9          .              .            +INF             .          
small.p3.t1          .              .            +INF            EPS         
small.p3.t2          .              .            +INF             .          
small.p3.t3          .              .            +INF             .          
small.p3.t4          .            99.2100        +INF             .          
small.p3.t5          .              .            +INF             .          
small.p3.t6          .              .            +INF             .          
small.p3.t7          .              .            +INF             .          
small.p3.t8          .              .            +INF             .          
small.p3.t9          .              .            +INF             .          

---- VAR qrt  Débit entrant dans chaque réservoir r à la période t

             LOWER          LEVEL          UPPER         MARGINAL

r1.t1          .              .            +INF             .          
r1.t2          .            14.8300        +INF             .          
r1.t3          .              .            +INF             .          
r1.t4          .            29.3400        +INF             .          
r1.t5          .              .            +INF             .          
r1.t6          .              .            +INF             .          
r1.t7          .              .            +INF             .          
r1.t8          .              .            +INF             .          
r1.t9          .              .            +INF             .          
r2.t1          .              .            +INF            EPS         
r2.t2          .           107.8300        +INF             .          
r2.t3          .              .            +INF            EPS         
r2.t4          .              .            +INF            EPS         
r2.t5          .              .            +INF            EPS         
r2.t6          .              .            +INF            EPS         
r2.t7          .              .            +INF            EPS         
r2.t8          .              .            +INF            EPS         
r2.t9          .              .            +INF            EPS         
r3.t1          .              .            +INF            EPS         
r3.t2          .            35.2900        +INF             .          
r3.t3          .              .            +INF            EPS         
r3.t4          .            69.8700        +INF             .          
r3.t5          .              .            +INF            EPS         
r3.t6          .              .            +INF            EPS         
r3.t7          .              .            +INF            EPS         
r3.t8          .              .            +INF            EPS         
r3.t9          .              .            +INF            EPS         
r4.t1          .              .            +INF            EPS         
r4.t2          .            27.3300        +INF             .          
r4.t3          .              .            +INF            EPS         
r4.t4          .              .            +INF            EPS         
r4.t5          .              .            +INF            EPS         
r4.t6          .              .            +INF            EPS         
r4.t7          .              .            +INF            EPS         
r4.t8          .              .            +INF            EPS         
r4.t9          .              .            +INF            EPS         

---- VAR vrt  Volume d_eau dans les réservoirs r à la période t

             LOWER          LEVEL          UPPER         MARGINAL

r1.t1          .           100.0000        +INF             .          
r1.t2          .           105.0000        +INF             .          
r1.t3          .           100.0000        +INF             .          
r1.t4          .           125.6700        +INF             .          
r1.t5          .           119.1700        +INF             .          
r1.t6          .           113.5000        +INF             .          
r1.t7          .           106.0000        +INF             .          
r1.t8          .           103.0000        +INF             .          
r1.t9          .           100.0000        +INF             .          
r2.t1          .           100.0000        +INF             .          
r2.t2          .           163.0000        +INF             .          
r2.t3          .           145.0000        +INF             .          
r2.t4          .           145.0000        +INF             .          
r2.t5          .           145.0000        +INF             .          
r2.t6          .           145.0000        +INF             .          
r2.t7          .           145.0000        +INF             .          
r2.t8          .           145.0000        +INF             .          
r2.t9          .           100.0000        +INF             .          
r3.t1          .           100.0000        +INF             .          
r3.t2          .           121.2900        +INF             .          
r3.t3          .           107.9600        +INF             .          
r3.t4          .           152.3300        +INF             .          
r3.t5          .           141.3300        +INF             .          
r3.t6          .           131.3300        +INF             .          
r3.t7          .           121.3300        +INF             .          
r3.t8          .           110.3300        +INF             .          
r3.t9          .           100.0000        +INF             .          
r4.t1          .           100.0000        +INF             .          
r4.t2          .           126.3300        +INF             .          
r4.t3          .           125.3300        +INF             .          
r4.t4          .           116.8300        +INF             .          
r4.t5          .           107.3300        +INF             .          
r4.t6          .           103.3300        +INF             .          
r4.t7          .           101.0000        +INF             .          
r4.t8          .           101.0000        +INF             .          
r4.t9          .           100.0000        +INF             .          

---- VAR pkt  Puissance de la pompe k à la période t

                   LOWER          LEVEL          UPPER         MARGINAL

small.p1.t1          .              .            +INF            0.0292      
small.p1.t2          .            13.3620        +INF             .          
small.p1.t3          .              .            +INF            0.0292      
small.p1.t4          .              .            +INF            0.0292      
small.p1.t5          .              .            +INF            0.0461      
small.p1.t6          .              .            +INF            0.0461      
small.p1.t7          .              .            +INF            0.0461      
small.p1.t8          .              .            +INF            0.0461      
small.p1.t9          .              .            +INF            0.0461      
small.p2.t1          .              .            +INF            0.0292      
small.p2.t2          .            12.0970        +INF             .          
small.p2.t3          .              .            +INF            0.0292      
small.p2.t4          .              .            +INF            0.0292      
small.p2.t5          .              .            +INF            0.0461      
small.p2.t6          .              .            +INF            0.0461      
small.p2.t7          .              .            +INF            0.0461      
small.p2.t8          .              .            +INF            0.0461      
small.p2.t9          .              .            +INF            0.0461      
small.p3.t1          .              .            +INF            0.0292      
small.p3.t2          .              .            +INF            0.0292      
small.p3.t3          .              .            +INF            0.0292      
small.p3.t4          .            13.3620        +INF             .          
small.p3.t5          .              .            +INF            0.0461      
small.p3.t6          .              .            +INF            0.0461      
small.p3.t7          .              .            +INF            0.0461      
small.p3.t8          .              .            +INF            0.0461      
small.p3.t9          .              .            +INF            0.0461      

---- VAR xkt  Pompe k allumé à la période t

                   LOWER          LEVEL          UPPER         MARGINAL

small.p1.t1          .              .             1.0000         EPS         
small.p1.t2          .             1.0000         1.0000         0.1111      
small.p1.t3          .              .             1.0000        -0.2785      
small.p1.t4          .              .             1.0000        -0.2785      
small.p1.t5          .              .             1.0000        -0.2785      
small.p1.t6          .              .             1.0000        -0.2785      
small.p1.t7          .              .             1.0000        -0.2785      
small.p1.t8          .              .             1.0000        -0.2785      
small.p1.t9          .              .             1.0000        -0.2785      
small.p2.t1          .              .             1.0000         EPS         
small.p2.t2          .             1.0000         1.0000         0.1111      
small.p2.t3          .              .             1.0000        -0.2785      
small.p2.t4          .              .             1.0000        -0.2785      
small.p2.t5          .              .             1.0000        -0.2785      
small.p2.t6          .              .             1.0000        -0.2785      
small.p2.t7          .              .             1.0000        -0.2785      
small.p2.t8          .              .             1.0000        -0.2785      
small.p2.t9          .              .             1.0000        -0.2785      
small.p3.t1          .              .             1.0000         EPS         
small.p3.t2          .              .             1.0000        -0.2785      
small.p3.t3          .              .             1.0000        -0.2785      
small.p3.t4          .             1.0000         1.0000         0.1111      
small.p3.t5          .              .             1.0000        -0.2785      
small.p3.t6          .              .             1.0000        -0.2785      
small.p3.t7          .              .             1.0000        -0.2785      
small.p3.t8          .              .             1.0000        -0.2785      
small.p3.t9          .              .             1.0000        -0.2785      

                           LOWER          LEVEL          UPPER         MARGINAL

---- VAR z                 -INF            1.1320        +INF             .          

  z  Coût total


**** REPORT SUMMARY :        0     NONOPT
                             0 INFEASIBLE
                             0  UNBOUNDED


EXECUTION TIME       =        0.000 SECONDS      2 MB  25.1.2 r67455 WEX-WEI


USER: Large MUD - 20 User License                    W181015:1136AO-GEN
      Ecole des Mines de Paris, CMA                              DC4036
      License for teaching and research at degree granting institutions


**** FILE SUMMARY

Input      C:\Valentin Lassaigne\Optim\MINLP\4WT_small.gms
Output     C:\Valentin Lassaigne\Optim\MINLP\4WT_small.lst
